conda version 25.3.0 python 3.12.7 loaded.
Node: x1000c1s1b0n0
GPU: NVIDIA A100-SXM4-40GB
CUDA_VISIBLE_DEVICES: 0
Start time: Fri Mar 27 06:32:03 PM EDT 2026
Starting hand classification pipeline...
=== SCRIPT STARTED ===
Input video loading...
Output video loading...
YOLO weights loading...
Loading YOLO model...
YOLO loaded!
Loading MediaPipe...
WARNING: All log messages before absl::InitializeLog() is called are written to STDERR
I0000 00:00:1774650811.897458 2661610 gl_context_egl.cc:85] Successfully initialized EGL. Major : 1 Minor: 5
I0000 00:00:1774650811.997351 2662081 gl_context.cc:344] GL version: 3.2 (OpenGL ES 3.2 NVIDIA 565.57.01), renderer: NVIDIA A100-SXM4-40GB/PCIe/SSE2
MediaPipe loaded!
Opening video...
INFO: Created TensorFlow Lite XNNPACK delegate for CPU.
Video opened: 1920x1080 @ 29.0 FPS
Processing...
Processing frame 50
Processing frame 100
Processing frame 150
Processing frame 200
Processing frame 250
Processing frame 300
Processing frame 350
Processing frame 400
Processing frame 450
Processing frame 500
Processing frame 550
Processing frame 600
Processing frame 650
Processing frame 700
Processing frame 750
Processing frame 800
Processing frame 850
Processing frame 900
Processing frame 950
Processing frame 1000
Processing frame 1050
Processing frame 1100
Processing frame 1150
Processing frame 1200
Processing frame 1250
Processing frame 1300
Processing frame 1350
Processing frame 1400
Processing frame 1450
Processing frame 1500
Processing frame 1550
Processing frame 1600
Processing frame 1650
Processing frame 1700
Processing frame 1750
Processing frame 1800
Processing frame 1850
Processing frame 1900
Processing frame 1950
Processing frame 2000
Processing frame 2050
Processing frame 2100
Processing frame 2150
Processing frame 2200
Processing frame 2250
Processing frame 2300
Processing frame 2350
Processing frame 2400
Processing frame 2450
Processing frame 2500
Processing frame 2550
Processing frame 2600
Processing frame 2650
Processing frame 2700
Processing frame 2750
Processing frame 2800
Processing frame 2850
Processing frame 2900
Processing frame 2950
Processing frame 3000
Processing frame 3050
Processing frame 3100
Processing frame 3150
Processing frame 3200
Processing frame 3250
Processing frame 3300
Processing frame 3350
Processing frame 3400
Processing frame 3450
Processing frame 3500
Processing frame 3550
Processing frame 3600
Processing frame 3650
Processing frame 3700
Processing frame 3750
Processing frame 3800
Processing frame 3850
Processing frame 3900
Processing frame 3950
Processing frame 4000
Processing frame 4050
Processing frame 4100
Processing frame 4150
Processing frame 4200
Processing frame 4250
Processing frame 4300
Processing frame 4350
Processing frame 4400
Processing frame 4450
Processing frame 4500
Processing frame 4550
Processing frame 4600
Processing frame 4650
Processing frame 4700
Processing frame 4750
Processing frame 4800
Processing frame 4850
Processing frame 4900
Processing frame 4950
Processing frame 5000
Processing frame 5050
Processing frame 5100
Processing frame 5150
Processing frame 5200
Processing frame 5250
Processing frame 5300
Processing frame 5350
Processing frame 5400
Processing frame 5450
Processing frame 5500
Processing frame 5550
Processing frame 5600
Processing frame 5650
Processing frame 5700
Processing frame 5750
Processing frame 5800
Processing frame 5850
Processing frame 5900
Processing frame 5950
Processing frame 6000
Processing frame 6050
Processing frame 6100
Processing frame 6150
Processing frame 6200
Processing frame 6250
Processing frame 6300
Processing frame 6350
Processing frame 6400
Processing frame 6450
Processing frame 6500
Processing frame 6550
Processing frame 6600
Processing frame 6650
Processing frame 6700
Processing frame 6750
Processing frame 6800
Processing frame 6850
Processing frame 6900
Processing frame 6950
Processing frame 7000
Processing frame 7050
Processing frame 7100
Processing frame 7150
Processing frame 7200
Processing frame 7250
Processing frame 7300
Processing frame 7350
Processing frame 7400
Processing frame 7450
Processing frame 7500
Processing frame 7550
Processing frame 7600
Processing frame 7650
Processing frame 7700
Processing frame 7750
Processing frame 7800
Processing frame 7850
Processing frame 7900
Processing frame 7950
Processing frame 8000
Processing frame 8050
Processing frame 8100
Processing frame 8150
Processing frame 8200
Processing frame 8250
Processing frame 8300
Processing frame 8350
Processing frame 8400
Processing frame 8450
Processing frame 8500
Processing frame 8550
Processing frame 8600
Processing frame 8650
Processing frame 8700
Processing frame 8750
Processing frame 8800
Processing frame 8850
Processing frame 8900
Processing frame 8950
Processing frame 9000
Processing frame 9050
Processing frame 9100
Processing frame 9150
Processing frame 9200
Processing frame 9250
Processing frame 9300
Processing frame 9350
Processing frame 9400
Processing frame 9450
Processing frame 9500
Processing frame 9550
Processing frame 9600
Processing frame 9650
Processing frame 9700
Processing frame 9750
Processing frame 9800
Processing frame 9850
Processing frame 9900
Processing frame 9950
Processing frame 10000
Processing frame 10050
Processing frame 10100
Processing frame 10150
Processing frame 10200
Processing frame 10250
Processing frame 10300
Processing frame 10350
Processing frame 10400
Processing frame 10450
Processing frame 10500
Processing frame 10550
Processing frame 10600
Processing frame 10650
Processing frame 10700
Processing frame 10750
Processing frame 10800
Processing frame 10850
Processing frame 10900
Processing frame 10950
Processing frame 11000
Processing frame 11050
Processing frame 11100
Processing frame 11150
Processing frame 11200
Processing frame 11250
Processing frame 11300
Processing frame 11350
Processing frame 11400
Processing frame 11450
Processing frame 11500
Processing frame 11550
Processing frame 11600
Processing frame 11650
Processing frame 11700
Processing frame 11750
Processing frame 11800
Processing frame 11850
Processing frame 11900
Processing frame 11950
Processing frame 12000
Processing frame 12050
Processing frame 12100
Processing frame 12150
Processing frame 12200
Processing frame 12250
Processing frame 12300
Processing frame 12350
Processing frame 12400
Processing frame 12450
Processing frame 12500
Processing frame 12550
Processing frame 12600
Processing frame 12650
Processing frame 12700
Processing frame 12750
Processing frame 12800
Processing frame 12850
Processing frame 12900
Processing frame 12950
Processing frame 13000
Processing frame 13050
Processing frame 13100
Processing frame 13150
Processing frame 13200
Processing frame 13250
Processing frame 13300
Processing frame 13350
Processing frame 13400
Processing frame 13450
Processing frame 13500
Processing frame 13550
Processing frame 13600
Processing frame 13650
Processing frame 13700
Processing frame 13750
Processing frame 13800
Processing frame 13850
Processing frame 13900
Processing frame 13950
Processing frame 14000
Processing frame 14050
Processing frame 14100
Processing frame 14150
Processing frame 14200
Processing frame 14250
Processing frame 14300
Processing frame 14350
Processing frame 14400
Processing frame 14450
Processing frame 14500
Processing frame 14550
Processing frame 14600
Processing frame 14650
Processing frame 14700
Processing frame 14750
Processing frame 14800
Processing frame 14850
Processing frame 14900
Processing frame 14950
Processing frame 15000
Processing frame 15050
Processing frame 15100
Processing frame 15150
Processing frame 15200
Processing frame 15250
Processing frame 15300
Processing frame 15350
Processing frame 15400
Processing frame 15450
Processing frame 15500
Processing frame 15550
Processing frame 15600
Processing frame 15650
Processing frame 15700
Processing frame 15750
Processing frame 15800
Processing frame 15850
Processing frame 15900
Processing frame 15950
Processing frame 16000
Processing frame 16050
Processing frame 16100
Processing frame 16150
Processing frame 16200
Processing frame 16250
Processing frame 16300
Processing frame 16350
Processing frame 16400
Processing frame 16450
Processing frame 16500
Processing frame 16550
Processing frame 16600
Processing frame 16650
Processing frame 16700
Processing frame 16750
Processing frame 16800
Processing frame 16850
Processing frame 16900
Processing frame 16950
Processing frame 17000
Processing frame 17050
Processing frame 17100
Processing frame 17150
Processing frame 17200
Processing frame 17250
Processing frame 17300
Processing frame 17350
Processing frame 17400
Processing frame 17450
Processing frame 17500
Processing frame 17550
Processing frame 17600
Processing frame 17650
Processing frame 17700
Processing frame 17750
Processing frame 17800
Processing frame 17850
Processing frame 17900
Processing frame 17950
Processing frame 18000
Processing frame 18050
Processing frame 18100
Processing frame 18150
Processing frame 18200
Processing frame 18250
Processing frame 18300
Processing frame 18350
Processing frame 18400
Processing frame 18450
Processing frame 18500
Processing frame 18550
Processing frame 18600
Processing frame 18650
Processing frame 18700
Processing frame 18750
Processing frame 18800
Processing frame 18850
Processing frame 18900
Processing frame 18950
Processing frame 19000
Processing frame 19050
Processing frame 19100
Processing frame 19150
Processing frame 19200
Processing frame 19250
Processing frame 19300
Processing frame 19350
Processing frame 19400
Processing frame 19450
Processing frame 19500
Processing frame 19550
Processing frame 19600
Processing frame 19650
Processing frame 19700
Processing frame 19750
Processing frame 19800
Processing frame 19850
Processing frame 19900
Processing frame 19950
Processing frame 20000
Processing frame 20050
Processing frame 20100
Processing frame 20150
Processing frame 20200
Processing frame 20250
Processing frame 20300
Processing frame 20350
Processing frame 20400
Processing frame 20450
Processing frame 20500
Processing frame 20550
Processing frame 20600
Processing frame 20650
Processing frame 20700
Processing frame 20750
Processing frame 20800
Processing frame 20850
Processing frame 20900
Processing frame 20950
Processing frame 21000
Processing frame 21050
Processing frame 21100
Processing frame 21150
Processing frame 21200
Processing frame 21250
Processing frame 21300
Processing frame 21350
Processing frame 21400
Processing frame 21450
Processing frame 21500
Processing frame 21550
Processing frame 21600
Processing frame 21650
Processing frame 21700
Processing frame 21750
Processing frame 21800
Processing frame 21850
Processing frame 21900
Processing frame 21950
Processing frame 22000
Processing frame 22050
Processing frame 22100
Processing frame 22150
Processing frame 22200
Processing frame 22250
Processing frame 22300
Processing frame 22350
Processing frame 22400
Processing frame 22450
Processing frame 22500
Processing frame 22550
Processing frame 22600
Processing frame 22650
Processing frame 22700
Processing frame 22750
Processing frame 22800
Processing frame 22850
Processing frame 22900
Processing frame 22950
Processing frame 23000
Processing frame 23050
Processing frame 23100
Processing frame 23150
Processing frame 23200
Processing frame 23250
Processing frame 23300
Processing frame 23350
Processing frame 23400
Processing frame 23450
Processing frame 23500
Processing frame 23550
Processing frame 23600
Processing frame 23650
Processing frame 23700
Processing frame 23750
Processing frame 23800
Processing frame 23850
Processing frame 23900
Processing frame 23950
Processing frame 24000
Processing frame 24050
Processing frame 24100
Processing frame 24150
Processing frame 24200
Processing frame 24250
Processing frame 24300
Processing frame 24350
Processing frame 24400
Processing frame 24450
Processing frame 24500
Processing frame 24550
Processing frame 24600
Processing frame 24650
Processing frame 24700
End of video reached
✅ Done! Saved as: /N/slate/veravi/diff_outputs/diff_output_25131c_day4_merged.mp4
End time: Fri Mar 27 06:44:00 PM EDT 2026
✅ Job Finished!
